$ mkdir si_2024_lab1_223069 -?? Desktop ??????? ??? ?????? ??????

$ cd si_2024_lab1_223069/ -?? ??????????? ????????? ?????? ?? ?? ??????? ?? ????

$ git init-?? ??????????????? ???? local repo ?? ?????? ?????????
Initialized empty Git repository in C:/Users/Ana/Desktop/si_2024_lab1_223069/.git/

$ git remote add origin https://github.com/anadavid333/SI_2024_lab1_223069.git-?? ???? ??????? ?? ?????????? ?????? ??????? ?? ?????? ?????? ?? github

$ git add README.md
$ git commit -m "Initial commit"
-?? ???? ??? ??????? ?? ?????? ?????? ?? staged ????

$ git status
On branch master
nothing to commit, working tree clean
-??????????? ???? ? ???????

$ git add .
Ana@DESKTOP-I6UBDG6 MINGW64 ~/Desktop/si_2024_lab1_223069 (master)
$ git commit -m "Add starter code"
[master 97bd2c7] Add starter code
 3 files changed, 47 insertions(+)
 create mode 100644 SILab1Main.java
 create mode 100644 SILab1_1.java
 create mode 100644 SILab1_2.java

-?? ???? ??? ?????????? ???????????? ??????? ?? ???????? ?? staged ? ?? ?????? ??? commit

$ git push -u origin master
Enumerating objects: 8, done.
Counting objects: 100% (8/8), done.
Delta compression using up to 2 threads
Compressing objects: 100% (6/6), done.
Writing objects: 100% (8/8), 1.11 KiB | 380.00 KiB/s, done.
Total 8 (delta 0), reused 0 (delta 0), pack-reused 0 (from 0)
To https://github.com/anadavid333/SI_2024_lab1_223069.git
 * [new branch]      master -> master
branch 'master' set up to track 'origin/master'.
-?? ???? ??????????? ?? ???????? ?????? ??????? ?? github
Ana@DESKTOP-I6UBDG6 MINGW64 ~/Desktop/si_2024_lab1_223069 (master)
$ git checkout -b bug1
Switched to a new branch 'bug1'

Ana@DESKTOP-I6UBDG6 MINGW64 ~/Desktop/si_2024_lab1_223069 (bug1)
$ git checkout -b bug2
Switched to a new branch 'bug2'
--kreirame 2 novi granki

Ana@DESKTOP-I6UBDG6 MINGW64 ~/Desktop/si_2024_lab1_223069 (bug2)
$ git checkout bug1
Switched to branch 'bug1'
--se prefrluvame na bug1

$ git add SILab1_1.java
Ana@DESKTOP-I6UBDG6 MINGW64 ~/Desktop/si_2024_lab1_223069 (bug1)
$ git commit -m "Fix wrong condition in filterOddLengthStrings"
--na bug1 go dodavame 

$ git checkout bug2
Switched to branch 'bug2'
$ git add .
$ git commit -m "Fix wrong condition in makeBigStringFrom"
-otkako ke se prefrlime na bug2 istata postapka ja pravime


$ git commit -m "Call method filterOddLengthStrings in main class"
[bug1 aa23dd2] Call method filterOddLengthStrings in main class
 1 file changed, 2 insertions(+)

$ git commit -m "Call method makeBigStringFrom in main class"
[bug2 b00c6b4] Call method makeBigStringFrom in main class
 1 file changed, 1 insertion(+)
 
$ git push origin --all
-gi dodavame dvete granki so ovaa komanda

$ git checkout master
Switched to branch 'master'
Your branch is up to date with 'origin/master'.
--se prefrluvame na master

$ git merge bug1
Updating 97bd2c7..aa23dd2
Fast-forward
 SILab1Main.java | 2 ++
 SILab1_1.java   | 2 +-
 2 files changed, 3 insertions(+), 1 deletion(-)

--so merge ja spojuvame bug1 na master grankata

$ git push origin --all
Total 0 (delta 0), reused 0 (delta 0), pack-reused 0 (from 0)
To https://github.com/anadavid333/SI_2024_lab1_223069.git
   97bd2c7..aa23dd2  master -> master


$ git rebase master
Auto-merging SILab1Main.java
CONFLICT (content): Merge conflict in SILab1Main.java
error: could not apply b00c6b4... Call method makeBigStringFrom in main class
hint: Resolve all conflicts manually, mark them as resolved with
hint: "git add/rm <conflicted_files>", then run "git rebase --continue".
hint: You can instead skip this commit: run "git rebase --skip".
hint: To abort and get back to the state before "git rebase", run "git rebase --abort".
Could not apply b00c6b4... Call method makeBigStringFrom in main class
---so rebase dobivme konflikt vo main klasata 
public class SILab1Main {
    public static void main(String[] args) {
        Scanner sc = new Scanner(System.in);

        int n = sc.nextInt();

        List<String> list = new ArrayList<>();

        for (int i = 0; i < n; i++) {
            list.add(sc.next());
        }
<<<<<<< HEAD
        System.out.println(SILab1_1.filterOddLengthStrings(list));

=======
        System.out.println(SILab1_2.makeBigStringFrom(list));
>>>>>>> b00c6b4 (Call method makeBigStringFrom in main class)
    }
}


public class SILab1Main {
    public static void main(String[] args) {
        Scanner sc = new Scanner(System.in);

        int n = sc.nextInt();

        List<String> list = new ArrayList<>();

        for (int i = 0; i < n; i++) {
            list.add(sc.next());
        }

        System.out.println(SILab1_1.filterOddLengthStrings(list));


        System.out.println(SILab1_2.makeBigStringFrom(list));

    }
}
--otkako go popravivme konfliktot,napravivme nov commit
$ git rebase --continue
$ git add .
$ git commit -m "Bug fixed"



$ git merge bug2
Updating aa23dd2..9bdcec0
Fast-forward
 SILab1Main.java | 2 ++
 SILab1_2.java   | 2 +-
 2 files changed, 3 insertions(+), 1 deletion(-)

$ git push origin --all --force
Total 0 (delta 0), reused 0 (delta 0), pack-reused 0 (from 0)
To https://github.com/anadavid333/SI_2024_lab1_223069.git
 + b00c6b4...9bdcec0 bug2 -> bug2 (forced update)

